HI-TECH Software C Compiler 

Linker command line:

--edf=C:\Program Files (x86)\HI-TECH Software\PICC\9.83\dat\en_msgs.txt -cs \
  -h+dist/F877/production\p77_iodig.production.sym -z -Q16F877 -ol.obj \
  -Mdist/F877/production/p77_iodig.production.map -E1 -ACONST=00h-0FFhx32 \
  -ACODE=00h-07FFhx4 -ASTRCODE=00h-01FFFh -AENTRY=00h-0FFhx32 \
  -ASTRING=00h-0FFhx32 -ABANK0=020h-06Fh -ABANK1=0A0h-0EFh \
  -ABANK2=0110h-016Fh -ABANK3=0190h-01EFh \
  -ARAM=020h-06Fh,0A0h-0EFh,0110h-016Fh,0190h-01EFh \
  -AABS1=020h-07Fh,0A0h-0EFh,0110h-016Fh,0190h-01EFh -ACOMMON=070h-07Fh \
  -ASFR0=00h-01Fh -ASFR1=080h-09Fh -ASFR2=0100h-010Fh -ASFR3=0180h-018Fh \
  -preset_vec=00h,intentry=04h,init,end_init -ppowerup=CODE -pfunctab=CODE \
  -ACONFIG=02007h-02007h -pconfig=CONFIG -DCONFIG=2 -AIDLOC=02000h-02003h \
  -pidloc=IDLOC -DIDLOC=2 -AEEDATA=00h-0FFh/02100h -peeprom_data=EEDATA \
  -DEEDATA=2 -DCODE=2 -DSTRCODE=2 -DSTRING=2 -DCONST=2 -DENTRY=2 -k \
  C:\Users\FELIPE~1\AppData\Local\Temp\s6c0.obj \
  dist/F877/production\p77_iodig.production.obj 

Object code version is 3.10

Machine type is 16F877



                Name                               Link     Load   Length Selector   Space Scale
C:\Users\FELIPE~1\AppData\Local\Temp\s6c0.obj
                end_init                             12       12        3        8       0
                reset_vec                             0        0        3        0       0
dist/F877/production\p77_iodig.production.obj
                intentry                              4        4        E        8       0
                config                             2007     2007        1     400E       0
                text1003                           1030     1030       48     2060       0
                text1002                           1ECD     1ECD       36     3D9A       0
                text1001                           1D49     1D49        8     3A92       0
                text1000                           1D9A     1D9A        D     3B34       0
                text999                             800      800       10     1000       0
                text998                            1D61     1D61        A     3AC2       0
                text997                            1D76     1D76        C     3AEC       0
                text996                            1D3C     1D3C        6     3A78       0
                text995                            1DA7     1DA7        D     3B4E       0
                text994                            1D82     1D82        C     3B04       0
                text993                            1D42     1D42        7     3A84       0
                text992                            1DEB     1DEB       17     3BD6       0
                text991                            1E6D     1E6D       2C     3CDA       0
                text990                            1078     1078       50     20F0       0
                text989                            1DB4     1DB4        F     3B68       0
                text988                            1F03     1F03       39     3E06       0
                text987                            1F3C     1F3C       3B     3E78       0
                text986                            136D     136D      22F     26DA       0
                text985                            1E22     1E22       24     3C44       0
                text984                            1FBA     1FBA       46     3F74       0
                text983                            1F77     1F77       43     3EEE       0
                text982                            10C8     10C8       55     2190       0
                text981                            1D6B     1D6B        B     3AD6       0
                text980                            1DD6     1DD6       15     3BAC       0
                text979                            1D8E     1D8E        C     3B1C       0
                text978                            11E8     11E8       6D     23D0       0
                text977                            1E02     1E02       20     3C04       0
                text976                            1E99     1E99       34     3D32       0
                text975                              D7       D7       28        8       0
                text974                            12CD     12CD       A0     259A       0
                text973                             7D6      7D6       28      950       0
                text972                            1255     1255       78     24AA       0
                text971                             70C      70C       CA      950       0
                text970                             939      939      363     1272       0
                text969                            159C     159C      264     2B38       0
                text968                             C9C      C9C      364     1938       0
                text967                             4A8      4A8      264      950       0
                text966                            1002     1002       2E     2004       0
                text965                            111D     111D       61     223A       0
                text964                             810      810      129     1020       0
                text963                              15       15       C2        8       0
                maintext                           117E     117E       6A     22FC       0
                cstackBANK0                          20       20       28       20       1
                cstackCOMMON                         70       70        9       70       1
                inittext                           1DC3     1DC3       13     3B86       0
                clrtext                            1D51     1D51        8     3AA2       0
                bssBANK1                             A0       A0       12       A0       1
                dataBANK0                            66       66        8       20       1
                bssBANK0                             48       48       1E       20       1
                bssCOMMON                            79       79        5       70       1
                cinit                              1E46     1E46       27     3C8C       0
                stringtext                          100      100      3A8        2       0
                idataBANK0                         1D59     1D59        8     3AB2       0

TOTAL           Name                               Link     Load   Length     Space
        CLASS   CONST          

        CLASS   CODE           
                end_init                             12       12        3         0
                intentry                              4        4        E         0
                reset_vec                             0        0        3         0
                text1003                           1030     1030       48         0
                text1002                           1ECD     1ECD       36         0
                text1001                           1D49     1D49        8         0
                text1000                           1D9A     1D9A        D         0
                text999                             800      800       10         0
                text998                            1D61     1D61        A         0
                text997                            1D76     1D76        C         0
                text996                            1D3C     1D3C        6         0
                text995                            1DA7     1DA7        D         0
                text994                            1D82     1D82        C         0
                text993                            1D42     1D42        7         0
                text992                            1DEB     1DEB       17         0
                text991                            1E6D     1E6D       2C         0
                text990                            1078     1078       50         0
                text989                            1DB4     1DB4        F         0
                text988                            1F03     1F03       39         0
                text987                            1F3C     1F3C       3B         0
                text986                            136D     136D      22F         0
                text985                            1E22     1E22       24         0
                text984                            1FBA     1FBA       46         0
                text983                            1F77     1F77       43         0
                text982                            10C8     10C8       55         0
                text981                            1D6B     1D6B        B         0
                text980                            1DD6     1DD6       15         0
                text979                            1D8E     1D8E        C         0
                text978                            11E8     11E8       6D         0
                text977                            1E02     1E02       20         0
                text976                            1E99     1E99       34         0
                text975                              D7       D7       28         0
                text974                            12CD     12CD       A0         0
                text973                             7D6      7D6       28         0
                text972                            1255     1255       78         0
                text971                             70C      70C       CA         0
                text970                             939      939      363         0
                text969                            159C     159C      264         0
                text968                             C9C      C9C      364         0
                text967                             4A8      4A8      264         0
                text966                            1002     1002       2E         0
                text965                            111D     111D       61         0
                text964                             810      810      129         0
                text963                              15       15       C2         0
                maintext                           117E     117E       6A         0
                inittext                           1DC3     1DC3       13         0
                clrtext                            1D51     1D51        8         0
                cinit                              1E46     1E46       27         0
                idataBANK0                         1D59     1D59        8         0

        CLASS   STRCODE        
                stringtext                          100      100      3A8         0

        CLASS   ENTRY          

        CLASS   STRING         

        CLASS   BANK0          
                cstackBANK0                          20       20       28         1
                dataBANK0                            66       66        8         1
                bssBANK0                             48       48       1E         1

        CLASS   BANK1          
                bssBANK1                             A0       A0       12         1

        CLASS   BANK2          

        CLASS   BANK3          

        CLASS   RAM            

        CLASS   ABS1           
                abs_s1                               7E       7E        2         1

        CLASS   COMMON         
                cstackCOMMON                         70       70        9         1
                bssCOMMON                            79       79        5         1

        CLASS   SFR0           

        CLASS   SFR1           

        CLASS   SFR2           

        CLASS   SFR3           

        CLASS   CONFIG         
                config                             2007     2007        1         0

        CLASS   IDLOC          

        CLASS   EEDATA         



SEGMENTS        Name                           Load    Length   Top    Selector   Space  Class     Delta

                reset_vec                      000000  000003  000003         0       0  CODE        2
                intentry                       000004  0000FB  0000FF         8       0  CODE        2
                cstackBANK0                    000020  00004E  00006E        20       1  BANK0       1
                cstackCOMMON                   000070  00000E  00007E        70       1  COMMON      1
                bssBANK1                       0000A0  000012  0000B2        A0       1  BANK1       1
                stringtext                     000100  0003A8  0004A8         2       0  STRCODE     2
                text967                        0004A8  000356  0007FE       950       0  CODE        2
                text999                        000800  000010  000810      1000       0  CODE        2
                text964                        000810  000129  000939      1020       0  CODE        2
                text970                        000939  000363  000C9C      1272       0  CODE        2
                text968                        000C9C  000364  001000      1938       0  CODE        2
                text966                        001002  00002E  001030      2004       0  CODE        2
                text1003                       001030  000048  001078      2060       0  CODE        2
                text990                        001078  000050  0010C8      20F0       0  CODE        2
                text982                        0010C8  000055  00111D      2190       0  CODE        2
                text965                        00111D  000061  00117E      223A       0  CODE        2
                maintext                       00117E  00006A  0011E8      22FC       0  CODE        2
                text978                        0011E8  00006D  001255      23D0       0  CODE        2
                text972                        001255  000078  0012CD      24AA       0  CODE        2
                text974                        0012CD  0000A0  00136D      259A       0  CODE        2
                text986                        00136D  00022F  00159C      26DA       0  CODE        2
                text969                        00159C  000264  001800      2B38       0  CODE        2
                text996                        001D3C  000006  001D42      3A78       0  CODE        2
                text993                        001D42  000007  001D49      3A84       0  CODE        2
                text1001                       001D49  000008  001D51      3A92       0  CODE        2
                clrtext                        001D51  000008  001D59      3AA2       0  CODE        2
                idataBANK0                     001D59  000008  001D61      3AB2       0  CODE        2
                text998                        001D61  00000A  001D6B      3AC2       0  CODE        2
                text981                        001D6B  00000B  001D76      3AD6       0  CODE        2
                text997                        001D76  00000C  001D82      3AEC       0  CODE        2
                text994                        001D82  00000C  001D8E      3B04       0  CODE        2
                text979                        001D8E  00000C  001D9A      3B1C       0  CODE        2
                text1000                       001D9A  00000D  001DA7      3B34       0  CODE        2
                text995                        001DA7  00000D  001DB4      3B4E       0  CODE        2
                text989                        001DB4  00000F  001DC3      3B68       0  CODE        2
                inittext                       001DC3  000013  001DD6      3B86       0  CODE        2
                text980                        001DD6  000015  001DEB      3BAC       0  CODE        2
                text992                        001DEB  000017  001E02      3BD6       0  CODE        2
                text977                        001E02  000020  001E22      3C04       0  CODE        2
                text985                        001E22  000024  001E46      3C44       0  CODE        2
                cinit                          001E46  000027  001E6D      3C8C       0  CODE        2
                text991                        001E6D  00002C  001E99      3CDA       0  CODE        2
                text976                        001E99  000034  001ECD      3D32       0  CODE        2
                text1002                       001ECD  000036  001F03      3D9A       0  CODE        2
                text988                        001F03  000039  001F3C      3E06       0  CODE        2
                text987                        001F3C  00003B  001F77      3E78       0  CODE        2
                text983                        001F77  000043  001FBA      3EEE       0  CODE        2
                text984                        001FBA  000046  002000      3F74       0  CODE        2
                config                         002007  000001  002008      400E       0  CONFIG      2


UNUSED ADDRESS RANGES

        Name                Unused          Largest block    Delta
        BANK0            006E-006F              2           1
        BANK1            00B2-00EF             3E           1
        BANK2            0110-016F             60           1
        BANK3            0190-01EF             60           1
        CODE             0003-0003              1           2
                         00FF-00FF              1
                         07FE-07FF              2
                         1000-1001              2
                         1800-1D3B            53C
        CONST            0003-0003              1           2
                         00FF-00FF              1
                         07FE-07FF              2
                         1000-1001              2
                         1800-1D3B            100
        EEDATA           2100-21FF            100           2
        ENTRY            0003-0003              1           2
                         00FF-00FF              1
                         07FE-07FF              2
                         1000-1001              2
                         1800-1D3B            100
        IDLOC            2000-2003              4           2
        RAM              006E-006F              2           1
                         00B2-00EF             3E
                         0110-016F             60
                         0190-01EF             60
        SFR0             0000-001F             20           1
        SFR1             0080-009F             20           1
        SFR2             0100-010F             10           1
        SFR3             0180-018F             10           1
        STRCODE          0003-0003              1           2
                         00FF-00FF              1
                         07FE-07FF              2
                         1000-1001              2
                         1800-1D3B            53C
        STRING           0003-0003              1           2
                         00FF-00FF              1
                         07FE-07FF              2
                         1000-1001              2
                         1800-1D3B            100

                                  Symbol Table

??___lwdiv                     cstackBANK0  0024
??___wmul                      cstackBANK0  0024
??__isr                        cstackCOMMON 0074
??_cria_rosto                  cstackBANK0  0032
??_debug_init                  cstackBANK0  0020
??_debug_lcd                   cstackBANK0  002C
??_homem_animacao              cstackBANK0  003B
??_homem_corre_direita         cstackBANK0  0031
??_homem_corre_esquerda        cstackBANK0  0031
??_homem_inicio                cstackBANK0  0031
??_homem_vira_direita          cstackBANK0  0031
??_homem_vira_esquerda         cstackBANK0  0031
??_isdigit                     cstackBANK0  0020
??_lcd_clear                   cstackBANK0  0023
??_lcd_cursor_ddram            cstackBANK0  0024
??_lcd_goto                    cstackBANK0  0023
??_lcd_init                    cstackBANK0  0025
??_lcd_novo_char               cstackBANK0  0025
??_lcd_putch                   cstackBANK0  0023
??_lcd_string                  cstackBANK0  0027
??_lcd_write                   cstackBANK0  0020
??_main                        cstackBANK0  0045
??_main_msg_inicial            cstackBANK0  0034
??_p1503_analogico             cstackBANK0  0023
??_p1503_barramento            cstackBANK0  0020
??_p1503_cmd_arg               cstackBANK0  0021
??_p1503_envia_pacote          cstackBANK0  0020
??_p1503_init                  cstackBANK0  0023
??_p1503_loop                  cstackBANK0  0027
??_printf                      cstackBANK0  002E
??_protocolo_cmd               cstackBANK0  0041
??_protocolo_lcd               cstackBANK0  003A
??_protocolo_ver_cmd           cstackBANK0  003D
??_putch                       cstackBANK0  0020
??_reles_cmd_arg               cstackBANK0  0021
??_reles_init                  cstackBANK0  0020
??_uart_hard_fim               cstackBANK0  002D
??_uart_init                   cstackBANK0  0020
??_uart_init_hardware          cstackBANK0  0020
??_uart_init_software          cstackBANK0  0020
??_uart_rx_soft                cstackCOMMON 0070
??_uart_tx_soft                cstackBANK0  0020
?___lwdiv                      cstackBANK0  0020
?___wmul                       cstackBANK0  0020
?__isr                         cstackCOMMON 0070
?_cria_rosto                   cstackBANK0  0031
?_debug_init                   cstackCOMMON 0070
?_debug_lcd                    cstackBANK0  0027
?_homem_animacao               cstackCOMMON 0070
?_homem_corre_direita          cstackCOMMON 0070
?_homem_corre_esquerda         cstackCOMMON 0070
?_homem_inicio                 cstackCOMMON 0070
?_homem_vira_direita           cstackCOMMON 0070
?_homem_vira_esquerda          cstackCOMMON 0070
?_isdigit                      cstackCOMMON 0070
?_lcd_clear                    cstackCOMMON 0070
?_lcd_cursor_ddram             cstackBANK0  0023
?_lcd_goto                     cstackCOMMON 0070
?_lcd_init                     cstackCOMMON 0070
?_lcd_novo_char                cstackBANK0  0023
?_lcd_putch                    cstackCOMMON 0070
?_lcd_string                   cstackBANK0  0024
?_lcd_write                    cstackCOMMON 0070
?_main                         cstackCOMMON 0070
?_main_msg_inicial             cstackCOMMON 0070
?_p1503_analogico              cstackCOMMON 0070
?_p1503_barramento             cstackCOMMON 0070
?_p1503_cmd_arg                cstackBANK0  0020
?_p1503_envia_pacote           cstackCOMMON 0070
?_p1503_init                   cstackCOMMON 0070
?_p1503_loop                   cstackCOMMON 0070
?_printf                       cstackBANK0  0028
?_protocolo_cmd                cstackCOMMON 0070
?_protocolo_lcd                cstackCOMMON 0070
?_protocolo_ver_cmd            cstackCOMMON 0070
?_putch                        cstackCOMMON 0070
?_reles_cmd_arg                cstackBANK0  0020
?_reles_init                   cstackCOMMON 0070
?_uart_hard_fim                cstackCOMMON 0070
?_uart_init                    cstackCOMMON 0070
?_uart_init_hardware           cstackCOMMON 0070
?_uart_init_software           cstackCOMMON 0070
?_uart_rx_soft                 cstackCOMMON 0070
?_uart_tx_soft                 cstackCOMMON 0070
_ADCON1                        (abs)        009F
_CARRY                         (abs)        0018
_EEADR                         (abs)        010D
_EECON1                        (abs)        018C
_EECON2                        (abs)        018D
_EEDATA                        (abs)        010C
_GIE                           (abs)        005F
_INTCONbits                    (abs)        000B
_PEIE                          (abs)        005E
_PIE1bits                      (abs)        008C
_PORTB                         (abs)        0006
_PORTD                         (abs)        0008
_PORTE                         (abs)        0009
_RB4                           (abs)        0034
_RB5                           (abs)        0035
_RB6                           (abs)        0036
_RB7                           (abs)        0037
_RC0                           (abs)        0038
_RC1                           (abs)        0039
_RCIF                          (abs)        0065
_RCREG                         (abs)        001A
_RCSTA                         (abs)        0018
_RD                            (abs)        0C60
_SPBRG                         (abs)        0099
_TRISB                         (abs)        0086
_TRISB5                        (abs)        0435
_TRISB6                        (abs)        0436
_TRISC0                        (abs)        0438
_TRISC6                        (abs)        043E
_TRISC7                        (abs)        043F
_TRISD                         (abs)        0088
_TRISE                         (abs)        0089
_TXIF                          (abs)        0064
_TXREG                         (abs)        0019
_TXSTA                         (abs)        0098
_WR                            (abs)        0C61
_WREN                          (abs)        0C62
__Habs1                        abs1         0000
__Hbank0                       bank0        0000
__Hbank1                       bank1        0000
__Hbank2                       bank2        0000
__Hbank3                       bank3        0000
__HbssBANK0                    bssBANK0     0000
__HbssBANK1                    bssBANK1     0000
__HbssCOMMON                   bssCOMMON    0000
__Hcinit                       cinit        0000
__Hclrtext                     clrtext      0000
__Hcode                        code         0000
__Hcommon                      common       0000
__Hconfig                      config       2008
__HcstackBANK0                 cstackBANK0  0000
__HcstackCOMMON                cstackCOMMON 0000
__HdataBANK0                   dataBANK0    0000
__Heeprom_data                 eeprom_data  0000
__Hend_init                    end_init     0015
__Hfunctab                     functab      0000
__HidataBANK0                  idataBANK0   0000
__Hidloc                       idloc        0000
__Hinit                        init         0012
__Hinittext                    inittext     0000
__Hintentry                    intentry     0012
__Hmaintext                    maintext     0000
__Hpowerup                     powerup      0000
__Hram                         ram          0000
__Hreset_vec                   reset_vec    0003
__Hsfr0                        sfr0         0000
__Hsfr1                        sfr1         0000
__Hsfr2                        sfr2         0000
__Hsfr3                        sfr3         0000
__Hstrings                     strings      0000
__Hstringtext                  stringtext   0000
__Htext                        text         0000
__Labs1                        abs1         0000
__Lbank0                       bank0        0000
__Lbank1                       bank1        0000
__Lbank2                       bank2        0000
__Lbank3                       bank3        0000
__LbssBANK0                    bssBANK0     0000
__LbssBANK1                    bssBANK1     0000
__LbssCOMMON                   bssCOMMON    0000
__Lcinit                       cinit        0000
__Lclrtext                     clrtext      0000
__Lcode                        code         0000
__Lcommon                      common       0000
__Lconfig                      config       2007
__LcstackBANK0                 cstackBANK0  0000
__LcstackCOMMON                cstackCOMMON 0000
__LdataBANK0                   dataBANK0    0000
__Leeprom_data                 eeprom_data  0000
__Lend_init                    end_init     0012
__Lfunctab                     functab      0000
__LidataBANK0                  idataBANK0   0000
__Lidloc                       idloc        0000
__Linit                        init         0012
__Linittext                    inittext     0000
__Lintentry                    intentry     0004
__Lmaintext                    maintext     0000
__Lpowerup                     powerup      0000
__Lram                         ram          0000
__Lreset_vec                   reset_vec    0000
__Lsfr0                        sfr0         0000
__Lsfr1                        sfr1         0000
__Lsfr2                        sfr2         0000
__Lsfr3                        sfr3         0000
__Lstrings                     strings      0000
__Lstringtext                  stringtext   0000
__Ltext                        text         0000
__S0                           (abs)        2008
__S1                           (abs)        00B2
__S2                           (abs)        0000
___lwdiv                       text990      1078
___lwdiv@counter               cstackBANK0  0027
___lwdiv@dividend              cstackBANK0  0022
___lwdiv@divisor               cstackBANK0  0020
___lwdiv@quotient              cstackBANK0  0025
___wmul                        text991      1E6D
___wmul@multiplicand           cstackBANK0  0022
___wmul@multiplier             cstackBANK0  0020
___wmul@product                cstackBANK0  0024
__end_of___lwdiv               text990      10C8
__end_of___wmul                text991      1E99
__end_of__isr                  text1002     1F03
__end_of_cria_rosto            text977      1E22
__end_of_debug_init            text1001     1D51
__end_of_debug_lcd             text973      07FE
__end_of_homem_animacao        text966      1030
__end_of_homem_corre_direita   text968      1000
__end_of_homem_corre_esquerda  text970      0C9C
__end_of_homem_inicio          text971      07D6
__end_of_homem_vira_direita    text969      1800
__end_of_homem_vira_esquerda   text967      070C
__end_of_isdigit               text992      1E02
__end_of_lcd_clear             text980      1DEB
__end_of_lcd_cursor_ddram      text982      111D
__end_of_lcd_goto              text979      1D9A
__end_of_lcd_init              text978      1255
__end_of_lcd_novo_char         text983      1FBA
__end_of_lcd_putch             text981      1D76
__end_of_lcd_string            text976      1ECD
__end_of_lcd_write             text988      1F3C
__end_of_main                  maintext     11E8
__end_of_main_msg_inicial      text975      00FF
__end_of_p1503_analogico       text985      1E46
__end_of_p1503_barramento      text996      1D42
__end_of_p1503_cmd_arg         text994      1D8E
__end_of_p1503_envia_pacote    text993      1D49
__end_of_p1503_init            text984      2000
__end_of_p1503_loop            text974      136D
__end_of_printf                text986      159C
__end_of_protocolo_cmd         text963      00D7
__end_of_protocolo_lcd         text972      12CD
__end_of_protocolo_ver_cmd     text964      0939
__end_of_putch                 text997      1D82
__end_of_reles_cmd_arg         text995      1DB4
__end_of_reles_init            text1000     1DA7
__end_of_uart_hard_fim         text965      117E
__end_of_uart_init             text989      1DC3
__end_of_uart_init_hardware    text999      0810
__end_of_uart_init_software    text998      1D6B
__end_of_uart_rx_soft          text1003     1078
__end_of_uart_tx_soft          text987      1F77
__isr                          text1002     1ECD
__pbssBANK0                    bssBANK0     0048
__pbssBANK1                    bssBANK1     00A0
__pbssCOMMON                   bssCOMMON    0079
__pcstackBANK0                 cstackBANK0  0020
__pcstackCOMMON                cstackCOMMON 0070
__pdataBANK0                   dataBANK0    0066
__pidataBANK0                  idataBANK0   1D59
__pintentry                    intentry     0004
__pmaintext                    maintext     117E
__pstringtext                  stringtext   0100
__ptext1000                    text1000     1D9A
__ptext1001                    text1001     1D49
__ptext1002                    text1002     1ECD
__ptext1003                    text1003     1030
__ptext1004                    text1004     0000
__ptext963                     text963      0015
__ptext964                     text964      0810
__ptext965                     text965      111D
__ptext966                     text966      1002
__ptext967                     text967      04A8
__ptext968                     text968      0C9C
__ptext969                     text969      159C
__ptext970                     text970      0939
__ptext971                     text971      070C
__ptext972                     text972      1255
__ptext973                     text973      07D6
__ptext974                     text974      12CD
__ptext975                     text975      00D7
__ptext976                     text976      1E99
__ptext977                     text977      1E02
__ptext978                     text978      11E8
__ptext979                     text979      1D8E
__ptext980                     text980      1DD6
__ptext981                     text981      1D6B
__ptext982                     text982      10C8
__ptext983                     text983      1F77
__ptext984                     text984      1FBA
__ptext985                     text985      1E22
__ptext986                     text986      136D
__ptext987                     text987      1F3C
__ptext988                     text988      1F03
__ptext989                     text989      1DB4
__ptext990                     text990      1078
__ptext991                     text991      1E6D
__ptext992                     text992      1DEB
__ptext993                     text993      1D42
__ptext994                     text994      1D82
__ptext995                     text995      1DA7
__ptext996                     text996      1D3C
__ptext997                     text997      1D76
__ptext998                     text998      1D61
__ptext999                     text999      0800
__size_of___lwdiv              (abs)        0000
__size_of___wmul               (abs)        0000
__size_of__isr                 (abs)        0000
__size_of_cria_rosto           (abs)        0000
__size_of_debug_init           (abs)        0000
__size_of_debug_lcd            (abs)        0000
__size_of_homem_animacao       (abs)        0000
__size_of_homem_corre_direita  (abs)        0000
__size_of_homem_corre_esquerda (abs)        0000
__size_of_homem_inicio         (abs)        0000
__size_of_homem_vira_direita   (abs)        0000
__size_of_homem_vira_esquerda  (abs)        0000
__size_of_isdigit              (abs)        0000
__size_of_lcd_clear            (abs)        0000
__size_of_lcd_cursor_ddram     (abs)        0000
__size_of_lcd_goto             (abs)        0000
__size_of_lcd_init             (abs)        0000
__size_of_lcd_novo_char        (abs)        0000
__size_of_lcd_putch            (abs)        0000
__size_of_lcd_string           (abs)        0000
__size_of_lcd_write            (abs)        0000
__size_of_main                 (abs)        0000
__size_of_main_msg_inicial     (abs)        0000
__size_of_p1503_analogico      (abs)        0000
__size_of_p1503_barramento     (abs)        0000
__size_of_p1503_cmd_arg        (abs)        0000
__size_of_p1503_envia_pacote   (abs)        0000
__size_of_p1503_init           (abs)        0000
__size_of_p1503_loop           (abs)        0000
__size_of_printf               (abs)        0000
__size_of_protocolo_cmd        (abs)        0000
__size_of_protocolo_lcd        (abs)        0000
__size_of_protocolo_ver_cmd    (abs)        0000
__size_of_putch                (abs)        0000
__size_of_reles_cmd_arg        (abs)        0000
__size_of_reles_init           (abs)        0000
__size_of_uart_hard_fim        (abs)        0000
__size_of_uart_init            (abs)        0000
__size_of_uart_init_hardware   (abs)        0000
__size_of_uart_init_software   (abs)        0000
__size_of_uart_rx_soft         (abs)        0000
__size_of_uart_tx_soft         (abs)        0000
_buffer                        bssBANK0     0053
_cria_rosto                    text977      1E02
_debug                         bssBANK1     00A0
_debug_init                    text1001     1D49
_debug_lcd                     text973      07D6
_exit                          init         0012
_hexpowers                     stringtext   0112
_homem_animacao                text966      1002
_homem_corre_direita           text968      0C9C
_homem_corre_esquerda          text970      0939
_homem_inicio                  text971      070C
_homem_vira_direita            text969      159C
_homem_vira_esquerda           text967      04A8
_isdigit                       text992      1DEB
_isdigit$6829                  cstackBANK0  0020
_lcd_clear                     text980      1DD6
_lcd_cursor_ddram              text982      10C8
_lcd_goto                      text979      1D8E
_lcd_init                      text978      11E8
_lcd_novo_char                 text983      1F77
_lcd_putch                     text981      1D6B
_lcd_string                    text976      1E99
_lcd_write                     text988      1F03
_main                          maintext     117E
_main_msg_inicial              text975      00D7
_p1503                         bssBANK0     0048
_p1503_analogico               text985      1E22
_p1503_barramento              text996      1D3C
_p1503_cmd_arg                 text994      1D82
_p1503_envia_pacote            text993      1D42
_p1503_init                    text984      1FBA
_p1503_loop                    text974      12CD
_printf                        text986      136D
_protocolo                     bssBANK0     004D
_protocolo_cmd                 text963      0015
_protocolo_lcd                 text972      1255
_protocolo_ver_cmd             text964      0810
_putch                         text997      1D76
_reles_cmd_arg                 text995      1DA7
_reles_init                    text1000     1D9A
_rosto                         stringtext   011C
_segundo                       bssCOMMON    007C
_slipA1                        stringtext   0124
_slipA2                        stringtext   012C
_slipA3                        stringtext   0134
_slipA4                        stringtext   013C
_slipA5                        stringtext   0144
_slipA6                        stringtext   014C
_slipB1                        stringtext   0154
_slipB2                        stringtext   015C
_slipB3                        stringtext   0164
_slipB4                        stringtext   016C
_slipB5                        stringtext   0174
_slipB6                        stringtext   017C
_slipC1                        stringtext   0184
_slipC2                        stringtext   018C
_slipC3                        stringtext   0194
_slipC4                        stringtext   019C
_slipC5                        stringtext   01A4
_slipC6                        stringtext   01AC
_slipD1                        stringtext   01B4
_slipD2                        stringtext   01BC
_slipD3                        stringtext   01C4
_slipD4                        stringtext   01CC
_slipD5                        stringtext   01D4
_slipD6                        stringtext   01DC
_slipE1                        stringtext   01E4
_slipE2                        stringtext   01EC
_slipE3                        stringtext   01F4
_slipE4                        stringtext   01FC
_slipE5                        stringtext   0204
_slipE6                        stringtext   020C
_slipF1                        stringtext   0214
_slipF2                        stringtext   021C
_slipF3                        stringtext   0224
_slipF4                        stringtext   022C
_slipF5                        stringtext   0234
_slipF6                        stringtext   023C
_stepA1                        stringtext   0244
_stepA2                        stringtext   024C
_stepA3                        stringtext   0254
_stepA4                        stringtext   025C
_stepA5                        stringtext   0264
_stepA6                        stringtext   026C
_stepB1                        stringtext   0274
_stepB2                        stringtext   027C
_stepB3                        stringtext   0284
_stepB4                        stringtext   028C
_stepB5                        stringtext   0294
_stepB6                        stringtext   029C
_stepC1                        stringtext   02A4
_stepC2                        stringtext   02AC
_stepC3                        stringtext   02B4
_stepC4                        stringtext   02BC
_stepC5                        stringtext   02C4
_stepC6                        stringtext   02CC
_stepD1                        stringtext   02D4
_stepD2                        stringtext   02DC
_stepD3                        stringtext   02E4
_stepD4                        stringtext   02EC
_stepD5                        stringtext   02F4
_stepD6                        stringtext   02FC
_stepE1                        stringtext   0304
_stepE2                        stringtext   030C
_stepE3                        stringtext   0314
_stepE4                        stringtext   031C
_stepE5                        stringtext   0324
_stepE6                        stringtext   032C
_stepF1                        stringtext   0334
_stepF2                        stringtext   033C
_stepF3                        stringtext   0344
_stepF4                        stringtext   034C
_stepF5                        stringtext   0354
_stepF6                        stringtext   035C
_stepG1                        stringtext   0364
_stepG2                        stringtext   036C
_stepG3                        stringtext   0374
_stepG4                        stringtext   037C
_stepG5                        stringtext   0384
_stepG6                        stringtext   038C
_tmr2_cont                     bssCOMMON    007D
_uart                          bssCOMMON    0079
_uart_hard_fim                 text965      111D
_uart_init                     text989      1DB4
_uart_init_hardware            text999      0800
_uart_init_software            text998      1D61
_uart_rx_soft                  text1003     1030
_uart_tx_soft                  text987      1F3C
btemp                          (abs)        007E
clear_ram                      clrtext      1D51
cria_rosto@coluna              cstackBANK0  0033
cria_rosto@linha               cstackBANK0  0031
debug_lcd@bug                  cstackBANK0  002A
debug_lcd@pos                  cstackBANK0  0029
debug_lcd@s                    cstackBANK0  0027
end_of_initialization          cinit        1E69
homem_corre_direita@a          cstackBANK0  003A
homem_corre_direita@b          cstackBANK0  0034
homem_corre_direita@c          cstackBANK0  0036
homem_corre_direita@d          cstackBANK0  0038
homem_corre_direita@e          cstackBANK0  0039
homem_corre_direita@f          cstackBANK0  0037
homem_corre_direita@g          cstackBANK0  0035
homem_corre_esquerda@a         cstackBANK0  003A
homem_corre_esquerda@b         cstackBANK0  0034
homem_corre_esquerda@c         cstackBANK0  0036
homem_corre_esquerda@d         cstackBANK0  0038
homem_corre_esquerda@e         cstackBANK0  0039
homem_corre_esquerda@f         cstackBANK0  0037
homem_corre_esquerda@g         cstackBANK0  0035
homem_inicio@a                 cstackBANK0  0036
homem_inicio@b                 cstackBANK0  0032
homem_inicio@c                 cstackBANK0  0034
homem_vira_direita@a           cstackBANK0  0038
homem_vira_direita@b           cstackBANK0  0034
homem_vira_direita@c           cstackBANK0  0036
homem_vira_esquerda@a          cstackBANK0  0038
homem_vira_esquerda@b          cstackBANK0  0034
homem_vira_esquerda@c          cstackBANK0  0036
init_fetch                     inittext     1DC3
init_ram                       inittext     1DC7
interrupt_function             intentry     0004
intlevel0                      functab      0000
intlevel1                      functab      0000
intlevel2                      functab      0000
intlevel3                      functab      0000
intlevel4                      functab      0000
intlevel5                      functab      0000
isdigit@c                      cstackBANK0  0021
lcd_cursor_ddram@F1164         dataBANK0    0066
lcd_cursor_ddram@_numlines     stringtext   011A
lcd_cursor_ddram@coluna        cstackBANK0  0030
lcd_cursor_ddram@linha         cstackBANK0  0023
lcd_cursor_ddram@row_offsets   cstackBANK0  0028
lcd_goto@pos                   cstackBANK0  0023
lcd_novo_char@bloco            cstackBANK0  0023
lcd_novo_char@i                cstackBANK0  0027
lcd_novo_char@local            cstackBANK0  0026
lcd_putch@c                    cstackBANK0  0023
lcd_string@pos                 cstackBANK0  0026
lcd_string@s                   cstackBANK0  0024
lcd_write@c                    cstackBANK0  0022
p1503_analogico@canal          cstackBANK0  0024
p1503_analogico@contexto       bssBANK0     0050
p1503_cmd_arg@arg              cstackBANK0  0020
p1503_cmd_arg@cmd              cstackBANK0  0022
p1503_loop@timeout             bssBANK0     0051
printf@_val                    cstackBANK0  0034
printf@ap                      cstackBANK0  0033
printf@c                       cstackBANK0  0039
printf@f                       cstackBANK0  0028
printf@flag                    cstackBANK0  0031
printf@prec                    cstackBANK0  0032
printf@width                   cstackBANK0  0037
protocolo_cmd@a                bssBANK0     0052
protocolo_lcd@linha            cstackBANK0  003C
putch@byte                     cstackBANK0  0020
reles_cmd_arg@arg              cstackBANK0  0020
reles_cmd_arg@cmd              cstackBANK0  0021
reset_vec                      reset_vec    0000
saved_w                        (abs)        007E
start                          init         0012
start_initialization           cinit        1E46
uart_rx_soft@offset            cstackCOMMON 0073
uart_rx_soft@val               cstackCOMMON 0072
uart_tx_soft@data              cstackBANK0  0021
uart_tx_soft@mask              cstackBANK0  0022
wtemp0                         (abs)        007E
